// Jest Snapshot v1, https://goo.gl/fbAQLP

exports[`<Footer /> should render the footer styles correct 1`] = `
.c0 {
  text-align: center;
  width: 100%;
  max-width: 57rem;
  border-top: 4px solid #C6A972;
  padding-top: calc(4.0rem / 2);
  margin-top: 4.0rem;
  padding-bottom: 2.4rem;
  color: #FFF;
  font-size: 1.2rem;
}

.c1 {
  margin-bottom: 1.2rem;
}

.c1 a {
  color: #FFF;
}

.c1 a:hover {
  color: #C6A972;
  -webkit-text-decoration: underline;
  text-decoration: underline;
}

.c2 {
  font-weight: 700;
}

@media (min-width:768px) {
  .c0 {
    font-size: 1.6rem;
  }
}

<footer
  class="c0"
>
  <p
    class="c1"
  >
    Made with ❤ by
     
    <a
      href="https://www.linkedin.com/in/maurodesouzaa/"
      rel="noreferrer"
      target="_blank"
    >
      Mauro de Souza
    </a>
     
  </p>
  <p
    class="c2"
  >
    Data provided by Marvel. © 2020 MARVEL
  </p>
</footer>
`;
